// Jest Snapshot v1, https://goo.gl/fbAQLP

exports[`should match snapshot 1`] = `
<DocumentFragment>
  <div
    class="solpicker"
  >
    <button>
      ❮
    </button>
    sol
    <input
      type="number"
    />
    of 1234
    <button>
      ❯
    </button>
  </div>
</DocumentFragment>
`;
